frac/var_cache_pacman_pkg
frac/etc/udev/rules.d
frac/etc/rc.d/functions.d
frac/etc/polkit-1/localauthority/20-org.d
frac/etc/polkit-1/localauthority/90-mandatory.d
frac/etc/polkit-1/localauthority/30-site.d
frac/etc/polkit-1/localauthority/50-local.d
frac/etc/polkit-1/localauthority/10-vendor.d
frac/etc/ca-certificates/update.d
frac/etc/ssl/private
frac/etc/gconf/gconf.xml.system
frac/etc/gconf/gconf.xml.mandatory
frac/etc/gconf/gconf.xml.defaults
frac/usr/local/games
frac/usr/local/share
frac/usr/local/lib
frac/usr/local/sbin
frac/usr/local/etc
frac/usr/local/bin
frac/usr/local/man
frac/usr/local/include
frac/usr/local/src
frac/usr/share/git-core/templates/branches
frac/usr/share/perl5/site_perl
frac/usr/share/perl5/core_perl/version
frac/usr/share/perl5/core_perl/CPAN/API
frac/usr/share/perl5/core_perl/TAP/Harness
frac/usr/share/doc/dbus/api
frac/usr/share/doc/libX11/Compose
frac/usr/lib/perl5/site_perl
frac/usr/lib/dbus-1.0/test
frac/root/.emacs.d
frac/var/tmp
frac/var/local
frac/var/opt
frac/var/lib/misc
frac/var/lib/arpd
frac/var/lib/polkit-1/localauthority/20-org.d
frac/var/lib/polkit-1/localauthority/90-mandatory.d
frac/var/lib/polkit-1/localauthority/30-site.d
frac/var/lib/polkit-1/localauthority/50-local.d
frac/var/lib/polkit-1/localauthority/10-vendor.d
frac/var/lib/hwclock
frac/var/cache/pacman/pkg
frac/var/cache/man
frac/var/cache/fontconfig
frac/var/abs/local/yaourtbuild/s-util-git/src/s-util/.git/refs/tags
frac/var/abs/local/yaourtbuild/s-util-git/src/s-util/.git/branches
frac/var/abs/local/yaourtbuild/s-util-git/src/s-util/.git/objects/info
frac/var/run
frac/var/lock
frac/var/spool/mail
frac/var/log
